# vsim -vopt work.apb_top -voptargs="+acc=npr" -assertdebug -l simulation.log -coverage -c -do "coverage save -onexit -assert -directive -cvg -codeAll coverage.ucdb; run -all; coverage report -detail; exit" 
# Start time: 22:43:23 on May 27,2025
# ** Note: (vsim-3812) Design is being optimized...
# ** Warning: apb_top.sv(16): (vopt-2685) [TFMPC] - Too few port connections for 'dut'.  Expected 9, found 8.
# ** Warning: apb_top.sv(16): (vopt-2718) [TFMPC] - Missing connection for port 'PSLVERR'.
# ** Warning: apb_seq.sv(23): (vopt-2240) Treating stand-alone use of function 'randomize' as an implicit VOID cast.
# //  Questa Sim
# //  Version 10.6c linux Jul 25 2017
# //
# //  Copyright 1991-2017 Mentor Graphics Corporation
# //  All Rights Reserved.
# //
# //  QuestaSim and its associated documentation contain trade
# //  secrets and commercial or financial information that are the property of
# //  Mentor Graphics Corporation and are privileged, confidential,
# //  and exempt from disclosure under the Freedom of Information Act,
# //  5 U.S.C. Section 552. Furthermore, this information
# //  is prohibited from disclosure under the Trade Secrets Act,
# //  18 U.S.C. Section 1905.
# //
# Loading sv_std.std
# Loading mtiUvm.uvm_pkg
# Loading work.apb_top_sv_unit(fast)
# Loading work.apb_top(fast)
# Loading work.APB_Protocol(fast)
# Loading work.master_bridge(fast)
# Loading work.slave1(fast)
# Loading work.slave2(fast)
# Loading work.apb_intf(fast)
# Loading mtiUvm.questa_uvm_pkg(fast)
# Loading work.apb_intf(fast)
# ** Warning: (vsim-3015) apbtop.v(54): [PCDPC] - Port size (8) does not match connection size (9) for port 'PADDR'. The port definition is at: slave2.v(8).
#    Time: 0 ns  Iteration: 0  Instance: /apb_top/dut/dut2 File: slave2.v
# Loading /tools/mentor/questasim_10.6c/questasim/uvm-1.1d/linux/uvm_dpi.so
# ** Warning: (vsim-8634) Code was not compiled with coverage options.
# coverage save -onexit -assert -directive -cvg -codeAll coverage.ucdb
#  run -all
# ----------------------------------------------------------------
# UVM-1.1d
# (C) 2007-2013 Mentor Graphics Corporation
# (C) 2007-2013 Cadence Design Systems, Inc.
# (C) 2006-2013 Synopsys, Inc.
# (C) 2011-2013 Cypress Semiconductor Corp.
# ----------------------------------------------------------------
# 
#   ***********       IMPORTANT RELEASE NOTES         ************
# 
#   You are using a version of the UVM library that has been compiled
#   with `UVM_NO_DEPRECATED undefined.
#   See http://www.eda.org/svdb/view.php?id=3313 for more details.
# 
#   You are using a version of the UVM library that has been compiled
#   with `UVM_OBJECT_MUST_HAVE_CONSTRUCTOR undefined.
#   See http://www.eda.org/svdb/view.php?id=3770 for more details.
# 
#       (Specify +UVM_NO_RELNOTES to turn off this notice)
# 
# UVM_INFO verilog_src/questa_uvm_pkg-1.2/src/questa_uvm_pkg.sv(215) @ 0: reporter [Questa UVM] QUESTA_UVM-1.2.3
# UVM_INFO verilog_src/questa_uvm_pkg-1.2/src/questa_uvm_pkg.sv(217) @ 0: reporter [Questa UVM]  questa_uvm::init(+struct)
# UVM_INFO @ 0: reporter [RNTST] Running test apb_write_slave1_test...
# UVM_INFO @ 0: reporter [UVMTOP] UVM testbench topology:
# ---------------------------------------------------------------
# Name                       Type                     Size  Value
# ---------------------------------------------------------------
# uvm_test_top               apb_write_slave1_test    -     @471 
#   env_h                    apb_env                  -     @478 
#     active_h               apb_active_agent         -     @489 
#       drv_h                apb_driver               -     @651 
#         rsp_port           uvm_analysis_port        -     @666 
#         seq_item_port      uvm_seq_item_pull_port   -     @658 
#       in_mon_h             apb_ip_mon               -     @674 
#         ip_mon_port        uvm_analysis_port        -     @691 
#       seqr_h               apb_seqr                 -     @542 
#         rsp_export         uvm_analysis_export      -     @549 
#         seq_item_export    uvm_seq_item_pull_imp    -     @643 
#         arbitration_queue  array                    0     -    
#         lock_queue         array                    0     -    
#         num_last_reqs      integral                 32    'd1  
#         num_last_rsps      integral                 32    'd1  
#     cov_h                  apb_cov                  -     @510 
#       analysis_imp         uvm_analysis_imp         -     @517 
#       ip_mon_imp           uvm_analysis_imp_ip_mon  -     @525 
#       op_mon_imp           uvm_analysis_imp_op_mon  -     @533 
#     passive_h              apb_passive_agent        -     @496 
#       out_mon_h            apb_op_mon               -     @705 
#         op_mon_port        uvm_analysis_port        -     @712 
#     sb_h                   apb_sb                   -     @503 
#       ip_scb_imp           uvm_analysis_imp_ip      -     @725 
#       op_scb_imp           uvm_analysis_imp_op      -     @733 
# ---------------------------------------------------------------
# 
# UVM_INFO apb_test.sv(98) @ 0: uvm_test_top [apb_write_slave1_test] ------ !! WRITE SLAVE 1 !! -------
# UVM_INFO apb_ip_mon.sv(52) @ 5: uvm_test_top.env_h.active_h.in_mon_h [INPUT MONITOR] ----------------------------------Input monitor sending data------------------
# ----------------------------------------------
# Name                 Type          Size  Value
# ----------------------------------------------
# packet               apb_seq_item  -     @686 
#   transfer           integral      1     'h0  
#   READ_WRITE         integral      1     'h0  
#   apb_write_paddr    integral      9     'h0  
#   apb_write_data     integral      8     'h0  
#   apb_read_paddr     integral      9     'h0  
#   apb_read_data_out  integral      8     'h0xx
# ----------------------------------------------
# UVM_INFO apb_ip_mon.sv(54) @ 5: uvm_test_top.env_h.active_h.in_mon_h [INPUT MONITOR] ------------------------------------------------------------------------------
# UVM_INFO apb_ip_mon.sv(52) @ 15: uvm_test_top.env_h.active_h.in_mon_h [INPUT MONITOR] ----------------------------------Input monitor sending data------------------
# ----------------------------------------------
# Name                 Type          Size  Value
# ----------------------------------------------
# packet               apb_seq_item  -     @686 
#   transfer           integral      1     'h0  
#   READ_WRITE         integral      1     'h0  
#   apb_write_paddr    integral      9     'h0  
#   apb_write_data     integral      8     'h0  
#   apb_read_paddr     integral      9     'h0  
#   apb_read_data_out  integral      8     'h0xx
# ----------------------------------------------
# UVM_INFO apb_ip_mon.sv(54) @ 15: uvm_test_top.env_h.active_h.in_mon_h [INPUT MONITOR] ------------------------------------------------------------------------------
# UVM_INFO apb_ip_mon.sv(52) @ 25: uvm_test_top.env_h.active_h.in_mon_h [INPUT MONITOR] ----------------------------------Input monitor sending data------------------
# ----------------------------------------------
# Name                 Type          Size  Value
# ----------------------------------------------
# packet               apb_seq_item  -     @686 
#   transfer           integral      1     'h0  
#   READ_WRITE         integral      1     'h0  
#   apb_write_paddr    integral      9     'h0  
#   apb_write_data     integral      8     'h0  
#   apb_read_paddr     integral      9     'h0  
#   apb_read_data_out  integral      8     'h0xx
# ----------------------------------------------
# UVM_INFO apb_ip_mon.sv(54) @ 25: uvm_test_top.env_h.active_h.in_mon_h [INPUT MONITOR] ------------------------------------------------------------------------------
# UVM_INFO apb_op_mon.sv(53) @ 25: uvm_test_top.env_h.passive_h.out_mon_h [OUTPUT_MONITOR] ---------------------Output monitor sending data-----------------------------------
# ----------------------------------------------
# Name                 Type          Size  Value
# ----------------------------------------------
# packet               apb_seq_item  -     @720 
#   transfer           integral      1     'h0  
#   READ_WRITE         integral      1     'h0  
#   apb_write_paddr    integral      9     'h0  
#   apb_write_data     integral      8     'h0  
#   apb_read_paddr     integral      9     'h0  
#   apb_read_data_out  integral      8     'h0xx
# ----------------------------------------------
# UVM_INFO apb_op_mon.sv(55) @ 25: uvm_test_top.env_h.passive_h.out_mon_h [OUTPUT_MONITOR] -----------------------------------------------------------------------------------
# UVM_INFO apb_sb.sv(99) @ 25: uvm_test_top.env_h.sb_h [compare] -------------WRITE  PASS------------
#  Expected apb_write_data = 0 |  Actual apb_write_data = 0 |  Expected apb_write_paddr =0 |  Actual apb_write_apddr = 0 
# ** Error: [25] Error! apb_read_data_out is unknown (=X/Z)
#    Time: 25 ns Started: 25 ns  Scope: apb_top.intf.apb_read_data_out_never_x File: apb_intf.sv Line: 71
# ** Error: [25] Error! apb_write_data is unknown (=X/Z)
#    Time: 25 ns Started: 25 ns  Scope: apb_top.intf.apb_write_data_never_x File: apb_intf.sv Line: 67
# ** Error: [25] Error! apb_read_padr is unknown (=X/Z)
#    Time: 25 ns Started: 25 ns  Scope: apb_top.intf.apb_read_paddr_never_x File: apb_intf.sv Line: 63
# ** Error: [25] Error! apb_write_paddr is unknown (=X/Z)
#    Time: 25 ns Started: 25 ns  Scope: apb_top.intf.apb_write_paddr_never_x File: apb_intf.sv Line: 59
# ** Error: [25] Error! READ_WRITE is unknown (=X/Z)
#    Time: 25 ns Started: 25 ns  Scope: apb_top.intf.READ_WRITE_never_x File: apb_intf.sv Line: 55
# ** Error: [25] Error! transfer is unknown (=X/Z)
#    Time: 25 ns Started: 25 ns  Scope: apb_top.intf.transfer_never_x File: apb_intf.sv Line: 51
# UVM_INFO apb_driver.sv(81) @ 35: uvm_test_top.env_h.active_h.drv_h [DRIVER] ------------------------DRIVER DRIVING DATA-----------------------------------------
# ----------------------------------------------------------------------------------------------------
# Name                           Type          Size  Value                                            
# ----------------------------------------------------------------------------------------------------
# item                           apb_seq_item  -     @761                                             
#   transfer                     integral      1     'h1                                              
#   READ_WRITE                   integral      1     'h0                                              
#   apb_write_paddr              integral      9     'h1b                                             
#   apb_write_data               integral      8     'h51                                             
#   apb_read_paddr               integral      9     'h34                                             
#   apb_read_data_out            integral      8     'h0xx                                            
#   begin_time                   time          64    15                                               
#   depth                        int           32    'd2                                              
#   parent sequence (name)       string        14    write_slave1_h                                   
#   parent sequence (full name)  string        49    uvm_test_top.env_h.active_h.seqr_h.write_slave1_h
#   sequencer                    string        34    uvm_test_top.env_h.active_h.seqr_h               
# ----------------------------------------------------------------------------------------------------
# UVM_INFO apb_driver.sv(83) @ 35: uvm_test_top.env_h.active_h.drv_h [DRIVER] ------------------------------------------------------------------------------------
# UVM_INFO apb_ip_mon.sv(52) @ 35: uvm_test_top.env_h.active_h.in_mon_h [INPUT MONITOR] ----------------------------------Input monitor sending data------------------
# ----------------------------------------------
# Name                 Type          Size  Value
# ----------------------------------------------
# packet               apb_seq_item  -     @686 
#   transfer           integral      1     'h0  
#   READ_WRITE         integral      1     'h0  
#   apb_write_paddr    integral      9     'h0  
#   apb_write_data     integral      8     'h0  
#   apb_read_paddr     integral      9     'h0  
#   apb_read_data_out  integral      8     'h0xx
# ----------------------------------------------
# UVM_INFO apb_ip_mon.sv(54) @ 35: uvm_test_top.env_h.active_h.in_mon_h [INPUT MONITOR] ------------------------------------------------------------------------------
# ** Error: [35] Error! apb_read_data_out is unknown (=X/Z)
#    Time: 35 ns Started: 35 ns  Scope: apb_top.intf.apb_read_data_out_never_x File: apb_intf.sv Line: 71
# ** Error: [35] Error! apb_write_data is unknown (=X/Z)
#    Time: 35 ns Started: 35 ns  Scope: apb_top.intf.apb_write_data_never_x File: apb_intf.sv Line: 67
# ** Error: [35] Error! apb_read_padr is unknown (=X/Z)
#    Time: 35 ns Started: 35 ns  Scope: apb_top.intf.apb_read_paddr_never_x File: apb_intf.sv Line: 63
# ** Error: [35] Error! apb_write_paddr is unknown (=X/Z)
#    Time: 35 ns Started: 35 ns  Scope: apb_top.intf.apb_write_paddr_never_x File: apb_intf.sv Line: 59
# ** Error: [35] Error! READ_WRITE is unknown (=X/Z)
#    Time: 35 ns Started: 35 ns  Scope: apb_top.intf.READ_WRITE_never_x File: apb_intf.sv Line: 55
# ** Error: [35] Error! transfer is unknown (=X/Z)
#    Time: 35 ns Started: 35 ns  Scope: apb_top.intf.transfer_never_x File: apb_intf.sv Line: 51
# UVM_INFO apb_ip_mon.sv(52) @ 45: uvm_test_top.env_h.active_h.in_mon_h [INPUT MONITOR] ----------------------------------Input monitor sending data------------------
# ----------------------------------------------
# Name                 Type          Size  Value
# ----------------------------------------------
# packet               apb_seq_item  -     @686 
#   transfer           integral      1     'h1  
#   READ_WRITE         integral      1     'h0  
#   apb_write_paddr    integral      9     'h1b 
#   apb_write_data     integral      8     'h51 
#   apb_read_paddr     integral      9     'h0  
#   apb_read_data_out  integral      8     'h0xx
# ----------------------------------------------
# UVM_INFO apb_ip_mon.sv(54) @ 45: uvm_test_top.env_h.active_h.in_mon_h [INPUT MONITOR] ------------------------------------------------------------------------------
# ** Error: [45] Error! apb_read_data_out is unknown (=X/Z)
#    Time: 45 ns Started: 45 ns  Scope: apb_top.intf.apb_read_data_out_never_x File: apb_intf.sv Line: 71
# ** Info: [45] Info: apb_write_data is valid.
#    Time: 45 ns Started: 45 ns  Scope: apb_top.intf.apb_write_data_never_x File: apb_intf.sv Line: 66
# ** Error: [45] Error! apb_read_padr is unknown (=X/Z)
#    Time: 45 ns Started: 45 ns  Scope: apb_top.intf.apb_read_paddr_never_x File: apb_intf.sv Line: 63
# ** Info: [45] Info: apb_write_paddr is valid.
#    Time: 45 ns Started: 45 ns  Scope: apb_top.intf.apb_write_paddr_never_x File: apb_intf.sv Line: 58
# ** Info: [45] Info: READ_WRITE is valid.
#    Time: 45 ns Started: 45 ns  Scope: apb_top.intf.READ_WRITE_never_x File: apb_intf.sv Line: 54
# ** Info: [45] Info: transfer is valid.
#    Time: 45 ns Started: 45 ns  Scope: apb_top.intf.transfer_never_x File: apb_intf.sv Line: 50
# UVM_INFO apb_driver.sv(81) @ 55: uvm_test_top.env_h.active_h.drv_h [DRIVER] ------------------------DRIVER DRIVING DATA-----------------------------------------
# ----------------------------------------------------------------------------------------------------
# Name                           Type          Size  Value                                            
# ----------------------------------------------------------------------------------------------------
# item                           apb_seq_item  -     @761                                             
#   transfer                     integral      1     'h1                                              
#   READ_WRITE                   integral      1     'h0                                              
#   apb_write_paddr              integral      9     'h1b                                             
#   apb_write_data               integral      8     'h51                                             
#   apb_read_paddr               integral      9     'h34                                             
#   apb_read_data_out            integral      8     'h0xx                                            
#   begin_time                   time          64    35                                               
#   end_time                     time          64    35                                               
#   depth                        int           32    'd2                                              
#   parent sequence (name)       string        14    write_slave1_h                                   
#   parent sequence (full name)  string        49    uvm_test_top.env_h.active_h.seqr_h.write_slave1_h
#   sequencer                    string        34    uvm_test_top.env_h.active_h.seqr_h               
# ----------------------------------------------------------------------------------------------------
# UVM_INFO apb_driver.sv(83) @ 55: uvm_test_top.env_h.active_h.drv_h [DRIVER] ------------------------------------------------------------------------------------
# UVM_INFO apb_ip_mon.sv(52) @ 55: uvm_test_top.env_h.active_h.in_mon_h [INPUT MONITOR] ----------------------------------Input monitor sending data------------------
# ----------------------------------------------
# Name                 Type          Size  Value
# ----------------------------------------------
# packet               apb_seq_item  -     @686 
#   transfer           integral      1     'h1  
#   READ_WRITE         integral      1     'h0  
#   apb_write_paddr    integral      9     'h1b 
#   apb_write_data     integral      8     'h51 
#   apb_read_paddr     integral      9     'h0  
#   apb_read_data_out  integral      8     'h0xx
# ----------------------------------------------
# UVM_INFO apb_ip_mon.sv(54) @ 55: uvm_test_top.env_h.active_h.in_mon_h [INPUT MONITOR] ------------------------------------------------------------------------------
# WRITE_ADDRESS_STABILITY: ASSERTION PASS
# ** Error: [55] Error! apb_read_data_out is unknown (=X/Z)
#    Time: 55 ns Started: 55 ns  Scope: apb_top.intf.apb_read_data_out_never_x File: apb_intf.sv Line: 71
# ** Info: [55] Info: apb_write_data is valid.
#    Time: 55 ns Started: 55 ns  Scope: apb_top.intf.apb_write_data_never_x File: apb_intf.sv Line: 66
# ** Error: [55] Error! apb_read_padr is unknown (=X/Z)
#    Time: 55 ns Started: 55 ns  Scope: apb_top.intf.apb_read_paddr_never_x File: apb_intf.sv Line: 63
# ** Info: [55] Info: apb_write_paddr is valid.
#    Time: 55 ns Started: 55 ns  Scope: apb_top.intf.apb_write_paddr_never_x File: apb_intf.sv Line: 58
# ** Info: [55] Info: READ_WRITE is valid.
#    Time: 55 ns Started: 55 ns  Scope: apb_top.intf.READ_WRITE_never_x File: apb_intf.sv Line: 54
# ** Info: [55] Info: transfer is valid.
#    Time: 55 ns Started: 55 ns  Scope: apb_top.intf.transfer_never_x File: apb_intf.sv Line: 50
# UVM_INFO apb_ip_mon.sv(52) @ 65: uvm_test_top.env_h.active_h.in_mon_h [INPUT MONITOR] ----------------------------------Input monitor sending data------------------
# ----------------------------------------------
# Name                 Type          Size  Value
# ----------------------------------------------
# packet               apb_seq_item  -     @686 
#   transfer           integral      1     'h1  
#   READ_WRITE         integral      1     'h0  
#   apb_write_paddr    integral      9     'h1b 
#   apb_write_data     integral      8     'h51 
#   apb_read_paddr     integral      9     'h0  
#   apb_read_data_out  integral      8     'h0xx
# ----------------------------------------------
# UVM_INFO apb_ip_mon.sv(54) @ 65: uvm_test_top.env_h.active_h.in_mon_h [INPUT MONITOR] ------------------------------------------------------------------------------
# WRITE_ADDRESS_STABILITY: ASSERTION PASS
# ** Error: [65] Error! apb_read_data_out is unknown (=X/Z)
#    Time: 65 ns Started: 65 ns  Scope: apb_top.intf.apb_read_data_out_never_x File: apb_intf.sv Line: 71
# ** Info: [65] Info: apb_write_data is valid.
#    Time: 65 ns Started: 65 ns  Scope: apb_top.intf.apb_write_data_never_x File: apb_intf.sv Line: 66
# ** Error: [65] Error! apb_read_padr is unknown (=X/Z)
#    Time: 65 ns Started: 65 ns  Scope: apb_top.intf.apb_read_paddr_never_x File: apb_intf.sv Line: 63
# ** Info: [65] Info: apb_write_paddr is valid.
#    Time: 65 ns Started: 65 ns  Scope: apb_top.intf.apb_write_paddr_never_x File: apb_intf.sv Line: 58
# ** Info: [65] Info: READ_WRITE is valid.
#    Time: 65 ns Started: 65 ns  Scope: apb_top.intf.READ_WRITE_never_x File: apb_intf.sv Line: 54
# ** Info: [65] Info: transfer is valid.
#    Time: 65 ns Started: 65 ns  Scope: apb_top.intf.transfer_never_x File: apb_intf.sv Line: 50
# UVM_INFO apb_driver.sv(81) @ 75: uvm_test_top.env_h.active_h.drv_h [DRIVER] ------------------------DRIVER DRIVING DATA-----------------------------------------
# ----------------------------------------------------------------------------------------------------
# Name                           Type          Size  Value                                            
# ----------------------------------------------------------------------------------------------------
# item                           apb_seq_item  -     @802                                             
#   transfer                     integral      1     'h1                                              
#   READ_WRITE                   integral      1     'h0                                              
#   apb_write_paddr              integral      9     'h5                                              
#   apb_write_data               integral      8     'hc7                                             
#   apb_read_paddr               integral      9     'h8                                              
#   apb_read_data_out            integral      8     'h0xx                                            
#   begin_time                   time          64    55                                               
#   depth                        int           32    'd2                                              
#   parent sequence (name)       string        14    write_slave1_h                                   
#   parent sequence (full name)  string        49    uvm_test_top.env_h.active_h.seqr_h.write_slave1_h
#   sequencer                    string        34    uvm_test_top.env_h.active_h.seqr_h               
# ----------------------------------------------------------------------------------------------------
# UVM_INFO apb_driver.sv(83) @ 75: uvm_test_top.env_h.active_h.drv_h [DRIVER] ------------------------------------------------------------------------------------
# UVM_INFO apb_op_mon.sv(53) @ 75: uvm_test_top.env_h.passive_h.out_mon_h [OUTPUT_MONITOR] ---------------------Output monitor sending data-----------------------------------
# ----------------------------------------------
# Name                 Type          Size  Value
# ----------------------------------------------
# packet               apb_seq_item  -     @720 
#   transfer           integral      1     'h1  
#   READ_WRITE         integral      1     'h0  
#   apb_write_paddr    integral      9     'h1b 
#   apb_write_data     integral      8     'h51 
#   apb_read_paddr     integral      9     'h0  
#   apb_read_data_out  integral      8     'h0xx
# ----------------------------------------------
# UVM_INFO apb_op_mon.sv(55) @ 75: uvm_test_top.env_h.passive_h.out_mon_h [OUTPUT_MONITOR] -----------------------------------------------------------------------------------
# UVM_INFO apb_ip_mon.sv(52) @ 75: uvm_test_top.env_h.active_h.in_mon_h [INPUT MONITOR] ----------------------------------Input monitor sending data------------------
# ----------------------------------------------
# Name                 Type          Size  Value
# ----------------------------------------------
# packet               apb_seq_item  -     @686 
#   transfer           integral      1     'h1  
#   READ_WRITE         integral      1     'h0  
#   apb_write_paddr    integral      9     'h1b 
#   apb_write_data     integral      8     'h51 
#   apb_read_paddr     integral      9     'h0  
#   apb_read_data_out  integral      8     'h0xx
# ----------------------------------------------
# UVM_INFO apb_ip_mon.sv(54) @ 75: uvm_test_top.env_h.active_h.in_mon_h [INPUT MONITOR] ------------------------------------------------------------------------------
# UVM_INFO apb_sb.sv(99) @ 75: uvm_test_top.env_h.sb_h [compare] -------------WRITE  PASS------------
#  Expected apb_write_data = 51 |  Actual apb_write_data = 51 |  Expected apb_write_paddr =1b |  Actual apb_write_apddr = 1b 
# WRITE_ADDRESS_STABILITY: ASSERTION PASS
# ** Error: [75] Error! apb_read_data_out is unknown (=X/Z)
#    Time: 75 ns Started: 75 ns  Scope: apb_top.intf.apb_read_data_out_never_x File: apb_intf.sv Line: 71
# ** Info: [75] Info: apb_write_data is valid.
#    Time: 75 ns Started: 75 ns  Scope: apb_top.intf.apb_write_data_never_x File: apb_intf.sv Line: 66
# ** Error: [75] Error! apb_read_padr is unknown (=X/Z)
#    Time: 75 ns Started: 75 ns  Scope: apb_top.intf.apb_read_paddr_never_x File: apb_intf.sv Line: 63
# ** Info: [75] Info: apb_write_paddr is valid.
#    Time: 75 ns Started: 75 ns  Scope: apb_top.intf.apb_write_paddr_never_x File: apb_intf.sv Line: 58
# ** Info: [75] Info: READ_WRITE is valid.
#    Time: 75 ns Started: 75 ns  Scope: apb_top.intf.READ_WRITE_never_x File: apb_intf.sv Line: 54
# ** Info: [75] Info: transfer is valid.
#    Time: 75 ns Started: 75 ns  Scope: apb_top.intf.transfer_never_x File: apb_intf.sv Line: 50
# UVM_INFO apb_ip_mon.sv(52) @ 85: uvm_test_top.env_h.active_h.in_mon_h [INPUT MONITOR] ----------------------------------Input monitor sending data------------------
# ----------------------------------------------
# Name                 Type          Size  Value
# ----------------------------------------------
# packet               apb_seq_item  -     @686 
#   transfer           integral      1     'h1  
#   READ_WRITE         integral      1     'h0  
#   apb_write_paddr    integral      9     'h5  
#   apb_write_data     integral      8     'hc7 
#   apb_read_paddr     integral      9     'h0  
#   apb_read_data_out  integral      8     'h0xx
# ----------------------------------------------
# UVM_INFO apb_ip_mon.sv(54) @ 85: uvm_test_top.env_h.active_h.in_mon_h [INPUT MONITOR] ------------------------------------------------------------------------------
# ** Error: WRITE_ADDRESS_STABILITY: ASSERTION FAIL
#    Time: 85 ns Started: 75 ns  Scope: apb_top.intf.write_address_stability File: apb_intf.sv Line: 84
# ** Error: [85] Error! apb_read_data_out is unknown (=X/Z)
#    Time: 85 ns Started: 85 ns  Scope: apb_top.intf.apb_read_data_out_never_x File: apb_intf.sv Line: 71
# ** Info: [85] Info: apb_write_data is valid.
#    Time: 85 ns Started: 85 ns  Scope: apb_top.intf.apb_write_data_never_x File: apb_intf.sv Line: 66
# ** Error: [85] Error! apb_read_padr is unknown (=X/Z)
#    Time: 85 ns Started: 85 ns  Scope: apb_top.intf.apb_read_paddr_never_x File: apb_intf.sv Line: 63
# ** Info: [85] Info: apb_write_paddr is valid.
#    Time: 85 ns Started: 85 ns  Scope: apb_top.intf.apb_write_paddr_never_x File: apb_intf.sv Line: 58
# ** Info: [85] Info: READ_WRITE is valid.
#    Time: 85 ns Started: 85 ns  Scope: apb_top.intf.READ_WRITE_never_x File: apb_intf.sv Line: 54
# ** Info: [85] Info: transfer is valid.
#    Time: 85 ns Started: 85 ns  Scope: apb_top.intf.transfer_never_x File: apb_intf.sv Line: 50
# UVM_INFO apb_driver.sv(81) @ 95: uvm_test_top.env_h.active_h.drv_h [DRIVER] ------------------------DRIVER DRIVING DATA-----------------------------------------
# ----------------------------------------------------------------------------------------------------
# Name                           Type          Size  Value                                            
# ----------------------------------------------------------------------------------------------------
# item                           apb_seq_item  -     @802                                             
#   transfer                     integral      1     'h1                                              
#   READ_WRITE                   integral      1     'h0                                              
#   apb_write_paddr              integral      9     'h5                                              
#   apb_write_data               integral      8     'hc7                                             
#   apb_read_paddr               integral      9     'h8                                              
#   apb_read_data_out            integral      8     'h0xx                                            
#   begin_time                   time          64    75                                               
#   end_time                     time          64    75                                               
#   depth                        int           32    'd2                                              
#   parent sequence (name)       string        14    write_slave1_h                                   
#   parent sequence (full name)  string        49    uvm_test_top.env_h.active_h.seqr_h.write_slave1_h
#   sequencer                    string        34    uvm_test_top.env_h.active_h.seqr_h               
# ----------------------------------------------------------------------------------------------------
# UVM_INFO apb_driver.sv(83) @ 95: uvm_test_top.env_h.active_h.drv_h [DRIVER] ------------------------------------------------------------------------------------
# UVM_INFO apb_ip_mon.sv(52) @ 95: uvm_test_top.env_h.active_h.in_mon_h [INPUT MONITOR] ----------------------------------Input monitor sending data------------------
# ----------------------------------------------
# Name                 Type          Size  Value
# ----------------------------------------------
# packet               apb_seq_item  -     @686 
#   transfer           integral      1     'h1  
#   READ_WRITE         integral      1     'h0  
#   apb_write_paddr    integral      9     'h5  
#   apb_write_data     integral      8     'hc7 
#   apb_read_paddr     integral      9     'h0  
#   apb_read_data_out  integral      8     'h0xx
# ----------------------------------------------
# UVM_INFO apb_ip_mon.sv(54) @ 95: uvm_test_top.env_h.active_h.in_mon_h [INPUT MONITOR] ------------------------------------------------------------------------------
# WRITE_ADDRESS_STABILITY: ASSERTION PASS
# ** Error: [95] Error! apb_read_data_out is unknown (=X/Z)
#    Time: 95 ns Started: 95 ns  Scope: apb_top.intf.apb_read_data_out_never_x File: apb_intf.sv Line: 71
# ** Info: [95] Info: apb_write_data is valid.
#    Time: 95 ns Started: 95 ns  Scope: apb_top.intf.apb_write_data_never_x File: apb_intf.sv Line: 66
# ** Error: [95] Error! apb_read_padr is unknown (=X/Z)
#    Time: 95 ns Started: 95 ns  Scope: apb_top.intf.apb_read_paddr_never_x File: apb_intf.sv Line: 63
# ** Info: [95] Info: apb_write_paddr is valid.
#    Time: 95 ns Started: 95 ns  Scope: apb_top.intf.apb_write_paddr_never_x File: apb_intf.sv Line: 58
# ** Info: [95] Info: READ_WRITE is valid.
#    Time: 95 ns Started: 95 ns  Scope: apb_top.intf.READ_WRITE_never_x File: apb_intf.sv Line: 54
# ** Info: [95] Info: transfer is valid.
#    Time: 95 ns Started: 95 ns  Scope: apb_top.intf.transfer_never_x File: apb_intf.sv Line: 50
# UVM_INFO apb_ip_mon.sv(52) @ 105: uvm_test_top.env_h.active_h.in_mon_h [INPUT MONITOR] ----------------------------------Input monitor sending data------------------
# ----------------------------------------------
# Name                 Type          Size  Value
# ----------------------------------------------
# packet               apb_seq_item  -     @686 
#   transfer           integral      1     'h1  
#   READ_WRITE         integral      1     'h0  
#   apb_write_paddr    integral      9     'h5  
#   apb_write_data     integral      8     'hc7 
#   apb_read_paddr     integral      9     'h0  
#   apb_read_data_out  integral      8     'h0xx
# ----------------------------------------------
# UVM_INFO apb_ip_mon.sv(54) @ 105: uvm_test_top.env_h.active_h.in_mon_h [INPUT MONITOR] ------------------------------------------------------------------------------
# WRITE_ADDRESS_STABILITY: ASSERTION PASS
# ** Error: [105] Error! apb_read_data_out is unknown (=X/Z)
#    Time: 105 ns Started: 105 ns  Scope: apb_top.intf.apb_read_data_out_never_x File: apb_intf.sv Line: 71
# ** Info: [105] Info: apb_write_data is valid.
#    Time: 105 ns Started: 105 ns  Scope: apb_top.intf.apb_write_data_never_x File: apb_intf.sv Line: 66
# ** Error: [105] Error! apb_read_padr is unknown (=X/Z)
#    Time: 105 ns Started: 105 ns  Scope: apb_top.intf.apb_read_paddr_never_x File: apb_intf.sv Line: 63
# ** Info: [105] Info: apb_write_paddr is valid.
#    Time: 105 ns Started: 105 ns  Scope: apb_top.intf.apb_write_paddr_never_x File: apb_intf.sv Line: 58
# ** Info: [105] Info: READ_WRITE is valid.
#    Time: 105 ns Started: 105 ns  Scope: apb_top.intf.READ_WRITE_never_x File: apb_intf.sv Line: 54
# ** Info: [105] Info: transfer is valid.
#    Time: 105 ns Started: 105 ns  Scope: apb_top.intf.transfer_never_x File: apb_intf.sv Line: 50
# UVM_INFO apb_driver.sv(81) @ 115: uvm_test_top.env_h.active_h.drv_h [DRIVER] ------------------------DRIVER DRIVING DATA-----------------------------------------
# ----------------------------------------------------------------------------------------------------
# Name                           Type          Size  Value                                            
# ----------------------------------------------------------------------------------------------------
# item                           apb_seq_item  -     @818                                             
#   transfer                     integral      1     'h1                                              
#   READ_WRITE                   integral      1     'h0                                              
#   apb_write_paddr              integral      9     'h25                                             
#   apb_write_data               integral      8     'h25                                             
#   apb_read_paddr               integral      9     'h1d9                                            
#   apb_read_data_out            integral      8     'h0xx                                            
#   begin_time                   time          64    95                                               
#   depth                        int           32    'd2                                              
#   parent sequence (name)       string        14    write_slave1_h                                   
#   parent sequence (full name)  string        49    uvm_test_top.env_h.active_h.seqr_h.write_slave1_h
#   sequencer                    string        34    uvm_test_top.env_h.active_h.seqr_h               
# ----------------------------------------------------------------------------------------------------
# UVM_INFO apb_driver.sv(83) @ 115: uvm_test_top.env_h.active_h.drv_h [DRIVER] ------------------------------------------------------------------------------------
# UVM_INFO apb_ip_mon.sv(52) @ 115: uvm_test_top.env_h.active_h.in_mon_h [INPUT MONITOR] ----------------------------------Input monitor sending data------------------
# ----------------------------------------------
# Name                 Type          Size  Value
# ----------------------------------------------
# packet               apb_seq_item  -     @686 
#   transfer           integral      1     'h1  
#   READ_WRITE         integral      1     'h0  
#   apb_write_paddr    integral      9     'h5  
#   apb_write_data     integral      8     'hc7 
#   apb_read_paddr     integral      9     'h0  
#   apb_read_data_out  integral      8     'h0xx
# ----------------------------------------------
# UVM_INFO apb_ip_mon.sv(54) @ 115: uvm_test_top.env_h.active_h.in_mon_h [INPUT MONITOR] ------------------------------------------------------------------------------
# WRITE_ADDRESS_STABILITY: ASSERTION PASS
# ** Error: [115] Error! apb_read_data_out is unknown (=X/Z)
#    Time: 115 ns Started: 115 ns  Scope: apb_top.intf.apb_read_data_out_never_x File: apb_intf.sv Line: 71
# ** Info: [115] Info: apb_write_data is valid.
#    Time: 115 ns Started: 115 ns  Scope: apb_top.intf.apb_write_data_never_x File: apb_intf.sv Line: 66
# ** Error: [115] Error! apb_read_padr is unknown (=X/Z)
#    Time: 115 ns Started: 115 ns  Scope: apb_top.intf.apb_read_paddr_never_x File: apb_intf.sv Line: 63
# ** Info: [115] Info: apb_write_paddr is valid.
#    Time: 115 ns Started: 115 ns  Scope: apb_top.intf.apb_write_paddr_never_x File: apb_intf.sv Line: 58
# ** Info: [115] Info: READ_WRITE is valid.
#    Time: 115 ns Started: 115 ns  Scope: apb_top.intf.READ_WRITE_never_x File: apb_intf.sv Line: 54
# ** Info: [115] Info: transfer is valid.
#    Time: 115 ns Started: 115 ns  Scope: apb_top.intf.transfer_never_x File: apb_intf.sv Line: 50
# UVM_INFO apb_ip_mon.sv(52) @ 125: uvm_test_top.env_h.active_h.in_mon_h [INPUT MONITOR] ----------------------------------Input monitor sending data------------------
# ----------------------------------------------
# Name                 Type          Size  Value
# ----------------------------------------------
# packet               apb_seq_item  -     @686 
#   transfer           integral      1     'h1  
#   READ_WRITE         integral      1     'h0  
#   apb_write_paddr    integral      9     'h25 
#   apb_write_data     integral      8     'h25 
#   apb_read_paddr     integral      9     'h0  
#   apb_read_data_out  integral      8     'h0xx
# ----------------------------------------------
# UVM_INFO apb_ip_mon.sv(54) @ 125: uvm_test_top.env_h.active_h.in_mon_h [INPUT MONITOR] ------------------------------------------------------------------------------
# UVM_INFO apb_op_mon.sv(53) @ 125: uvm_test_top.env_h.passive_h.out_mon_h [OUTPUT_MONITOR] ---------------------Output monitor sending data-----------------------------------
# ----------------------------------------------
# Name                 Type          Size  Value
# ----------------------------------------------
# packet               apb_seq_item  -     @720 
#   transfer           integral      1     'h1  
#   READ_WRITE         integral      1     'h0  
#   apb_write_paddr    integral      9     'h25 
#   apb_write_data     integral      8     'h25 
#   apb_read_paddr     integral      9     'h0  
#   apb_read_data_out  integral      8     'h0xx
# ----------------------------------------------
# UVM_INFO apb_op_mon.sv(55) @ 125: uvm_test_top.env_h.passive_h.out_mon_h [OUTPUT_MONITOR] -----------------------------------------------------------------------------------
# UVM_INFO apb_sb.sv(99) @ 125: uvm_test_top.env_h.sb_h [compare] -------------WRITE  PASS------------
#  Expected apb_write_data = 25 |  Actual apb_write_data = 25 |  Expected apb_write_paddr =25 |  Actual apb_write_apddr = 25 
# ** Error: WRITE_ADDRESS_STABILITY: ASSERTION FAIL
#    Time: 125 ns Started: 115 ns  Scope: apb_top.intf.write_address_stability File: apb_intf.sv Line: 84
# ** Error: [125] Error! apb_read_data_out is unknown (=X/Z)
#    Time: 125 ns Started: 125 ns  Scope: apb_top.intf.apb_read_data_out_never_x File: apb_intf.sv Line: 71
# ** Info: [125] Info: apb_write_data is valid.
#    Time: 125 ns Started: 125 ns  Scope: apb_top.intf.apb_write_data_never_x File: apb_intf.sv Line: 66
# ** Error: [125] Error! apb_read_padr is unknown (=X/Z)
#    Time: 125 ns Started: 125 ns  Scope: apb_top.intf.apb_read_paddr_never_x File: apb_intf.sv Line: 63
# ** Info: [125] Info: apb_write_paddr is valid.
#    Time: 125 ns Started: 125 ns  Scope: apb_top.intf.apb_write_paddr_never_x File: apb_intf.sv Line: 58
# ** Info: [125] Info: READ_WRITE is valid.
#    Time: 125 ns Started: 125 ns  Scope: apb_top.intf.READ_WRITE_never_x File: apb_intf.sv Line: 54
# ** Info: [125] Info: transfer is valid.
#    Time: 125 ns Started: 125 ns  Scope: apb_top.intf.transfer_never_x File: apb_intf.sv Line: 50
# UVM_INFO apb_driver.sv(81) @ 135: uvm_test_top.env_h.active_h.drv_h [DRIVER] ------------------------DRIVER DRIVING DATA-----------------------------------------
# ----------------------------------------------------------------------------------------------------
# Name                           Type          Size  Value                                            
# ----------------------------------------------------------------------------------------------------
# item                           apb_seq_item  -     @818                                             
#   transfer                     integral      1     'h1                                              
#   READ_WRITE                   integral      1     'h0                                              
#   apb_write_paddr              integral      9     'h25                                             
#   apb_write_data               integral      8     'h25                                             
#   apb_read_paddr               integral      9     'h1d9                                            
#   apb_read_data_out            integral      8     'h0xx                                            
#   begin_time                   time          64    115                                              
#   end_time                     time          64    115                                              
#   depth                        int           32    'd2                                              
#   parent sequence (name)       string        14    write_slave1_h                                   
#   parent sequence (full name)  string        49    uvm_test_top.env_h.active_h.seqr_h.write_slave1_h
#   sequencer                    string        34    uvm_test_top.env_h.active_h.seqr_h               
# ----------------------------------------------------------------------------------------------------
# UVM_INFO apb_driver.sv(83) @ 135: uvm_test_top.env_h.active_h.drv_h [DRIVER] ------------------------------------------------------------------------------------
# UVM_INFO apb_ip_mon.sv(52) @ 135: uvm_test_top.env_h.active_h.in_mon_h [INPUT MONITOR] ----------------------------------Input monitor sending data------------------
# ----------------------------------------------
# Name                 Type          Size  Value
# ----------------------------------------------
# packet               apb_seq_item  -     @686 
#   transfer           integral      1     'h1  
#   READ_WRITE         integral      1     'h0  
#   apb_write_paddr    integral      9     'h25 
#   apb_write_data     integral      8     'h25 
#   apb_read_paddr     integral      9     'h0  
#   apb_read_data_out  integral      8     'h0xx
# ----------------------------------------------
# UVM_INFO apb_ip_mon.sv(54) @ 135: uvm_test_top.env_h.active_h.in_mon_h [INPUT MONITOR] ------------------------------------------------------------------------------
# WRITE_ADDRESS_STABILITY: ASSERTION PASS
# ** Error: [135] Error! apb_read_data_out is unknown (=X/Z)
#    Time: 135 ns Started: 135 ns  Scope: apb_top.intf.apb_read_data_out_never_x File: apb_intf.sv Line: 71
# ** Info: [135] Info: apb_write_data is valid.
#    Time: 135 ns Started: 135 ns  Scope: apb_top.intf.apb_write_data_never_x File: apb_intf.sv Line: 66
# ** Error: [135] Error! apb_read_padr is unknown (=X/Z)
#    Time: 135 ns Started: 135 ns  Scope: apb_top.intf.apb_read_paddr_never_x File: apb_intf.sv Line: 63
# ** Info: [135] Info: apb_write_paddr is valid.
#    Time: 135 ns Started: 135 ns  Scope: apb_top.intf.apb_write_paddr_never_x File: apb_intf.sv Line: 58
# ** Info: [135] Info: READ_WRITE is valid.
#    Time: 135 ns Started: 135 ns  Scope: apb_top.intf.READ_WRITE_never_x File: apb_intf.sv Line: 54
# ** Info: [135] Info: transfer is valid.
#    Time: 135 ns Started: 135 ns  Scope: apb_top.intf.transfer_never_x File: apb_intf.sv Line: 50
# UVM_INFO apb_ip_mon.sv(52) @ 145: uvm_test_top.env_h.active_h.in_mon_h [INPUT MONITOR] ----------------------------------Input monitor sending data------------------
# ----------------------------------------------
# Name                 Type          Size  Value
# ----------------------------------------------
# packet               apb_seq_item  -     @686 
#   transfer           integral      1     'h1  
#   READ_WRITE         integral      1     'h0  
#   apb_write_paddr    integral      9     'h25 
#   apb_write_data     integral      8     'h25 
#   apb_read_paddr     integral      9     'h0  
#   apb_read_data_out  integral      8     'h0xx
# ----------------------------------------------
# UVM_INFO apb_ip_mon.sv(54) @ 145: uvm_test_top.env_h.active_h.in_mon_h [INPUT MONITOR] ------------------------------------------------------------------------------
# WRITE_ADDRESS_STABILITY: ASSERTION PASS
# ** Error: [145] Error! apb_read_data_out is unknown (=X/Z)
#    Time: 145 ns Started: 145 ns  Scope: apb_top.intf.apb_read_data_out_never_x File: apb_intf.sv Line: 71
# ** Info: [145] Info: apb_write_data is valid.
#    Time: 145 ns Started: 145 ns  Scope: apb_top.intf.apb_write_data_never_x File: apb_intf.sv Line: 66
# ** Error: [145] Error! apb_read_padr is unknown (=X/Z)
#    Time: 145 ns Started: 145 ns  Scope: apb_top.intf.apb_read_paddr_never_x File: apb_intf.sv Line: 63
# ** Info: [145] Info: apb_write_paddr is valid.
#    Time: 145 ns Started: 145 ns  Scope: apb_top.intf.apb_write_paddr_never_x File: apb_intf.sv Line: 58
# ** Info: [145] Info: READ_WRITE is valid.
#    Time: 145 ns Started: 145 ns  Scope: apb_top.intf.READ_WRITE_never_x File: apb_intf.sv Line: 54
# ** Info: [145] Info: transfer is valid.
#    Time: 145 ns Started: 145 ns  Scope: apb_top.intf.transfer_never_x File: apb_intf.sv Line: 50
# UVM_INFO apb_driver.sv(81) @ 155: uvm_test_top.env_h.active_h.drv_h [DRIVER] ------------------------DRIVER DRIVING DATA-----------------------------------------
# ----------------------------------------------------------------------------------------------------
# Name                           Type          Size  Value                                            
# ----------------------------------------------------------------------------------------------------
# item                           apb_seq_item  -     @834                                             
#   transfer                     integral      1     'h1                                              
#   READ_WRITE                   integral      1     'h0                                              
#   apb_write_paddr              integral      9     'h3                                              
#   apb_write_data               integral      8     'h7b                                             
#   apb_read_paddr               integral      9     'h71                                             
#   apb_read_data_out            integral      8     'h0xx                                            
#   begin_time                   time          64    135                                              
#   depth                        int           32    'd2                                              
#   parent sequence (name)       string        14    write_slave1_h                                   
#   parent sequence (full name)  string        49    uvm_test_top.env_h.active_h.seqr_h.write_slave1_h
#   sequencer                    string        34    uvm_test_top.env_h.active_h.seqr_h               
# ----------------------------------------------------------------------------------------------------
# UVM_INFO apb_driver.sv(83) @ 155: uvm_test_top.env_h.active_h.drv_h [DRIVER] ------------------------------------------------------------------------------------
# UVM_INFO apb_ip_mon.sv(52) @ 155: uvm_test_top.env_h.active_h.in_mon_h [INPUT MONITOR] ----------------------------------Input monitor sending data------------------
# ----------------------------------------------
# Name                 Type          Size  Value
# ----------------------------------------------
# packet               apb_seq_item  -     @686 
#   transfer           integral      1     'h1  
#   READ_WRITE         integral      1     'h0  
#   apb_write_paddr    integral      9     'h25 
#   apb_write_data     integral      8     'h25 
#   apb_read_paddr     integral      9     'h0  
#   apb_read_data_out  integral      8     'h0xx
# ----------------------------------------------
# UVM_INFO apb_ip_mon.sv(54) @ 155: uvm_test_top.env_h.active_h.in_mon_h [INPUT MONITOR] ------------------------------------------------------------------------------
# WRITE_ADDRESS_STABILITY: ASSERTION PASS
# ** Error: [155] Error! apb_read_data_out is unknown (=X/Z)
#    Time: 155 ns Started: 155 ns  Scope: apb_top.intf.apb_read_data_out_never_x File: apb_intf.sv Line: 71
# ** Info: [155] Info: apb_write_data is valid.
#    Time: 155 ns Started: 155 ns  Scope: apb_top.intf.apb_write_data_never_x File: apb_intf.sv Line: 66
# ** Error: [155] Error! apb_read_padr is unknown (=X/Z)
#    Time: 155 ns Started: 155 ns  Scope: apb_top.intf.apb_read_paddr_never_x File: apb_intf.sv Line: 63
# ** Info: [155] Info: apb_write_paddr is valid.
#    Time: 155 ns Started: 155 ns  Scope: apb_top.intf.apb_write_paddr_never_x File: apb_intf.sv Line: 58
# ** Info: [155] Info: READ_WRITE is valid.
#    Time: 155 ns Started: 155 ns  Scope: apb_top.intf.READ_WRITE_never_x File: apb_intf.sv Line: 54
# ** Info: [155] Info: transfer is valid.
#    Time: 155 ns Started: 155 ns  Scope: apb_top.intf.transfer_never_x File: apb_intf.sv Line: 50
# UVM_INFO apb_ip_mon.sv(52) @ 165: uvm_test_top.env_h.active_h.in_mon_h [INPUT MONITOR] ----------------------------------Input monitor sending data------------------
# ----------------------------------------------
# Name                 Type          Size  Value
# ----------------------------------------------
# packet               apb_seq_item  -     @686 
#   transfer           integral      1     'h1  
#   READ_WRITE         integral      1     'h0  
#   apb_write_paddr    integral      9     'h3  
#   apb_write_data     integral      8     'h7b 
#   apb_read_paddr     integral      9     'h0  
#   apb_read_data_out  integral      8     'h0xx
# ----------------------------------------------
# UVM_INFO apb_ip_mon.sv(54) @ 165: uvm_test_top.env_h.active_h.in_mon_h [INPUT MONITOR] ------------------------------------------------------------------------------
# ** Error: WRITE_ADDRESS_STABILITY: ASSERTION FAIL
#    Time: 165 ns Started: 155 ns  Scope: apb_top.intf.write_address_stability File: apb_intf.sv Line: 84
# ** Error: [165] Error! apb_read_data_out is unknown (=X/Z)
#    Time: 165 ns Started: 165 ns  Scope: apb_top.intf.apb_read_data_out_never_x File: apb_intf.sv Line: 71
# ** Info: [165] Info: apb_write_data is valid.
#    Time: 165 ns Started: 165 ns  Scope: apb_top.intf.apb_write_data_never_x File: apb_intf.sv Line: 66
# ** Error: [165] Error! apb_read_padr is unknown (=X/Z)
#    Time: 165 ns Started: 165 ns  Scope: apb_top.intf.apb_read_paddr_never_x File: apb_intf.sv Line: 63
# ** Info: [165] Info: apb_write_paddr is valid.
#    Time: 165 ns Started: 165 ns  Scope: apb_top.intf.apb_write_paddr_never_x File: apb_intf.sv Line: 58
# ** Info: [165] Info: READ_WRITE is valid.
#    Time: 165 ns Started: 165 ns  Scope: apb_top.intf.READ_WRITE_never_x File: apb_intf.sv Line: 54
# ** Info: [165] Info: transfer is valid.
#    Time: 165 ns Started: 165 ns  Scope: apb_top.intf.transfer_never_x File: apb_intf.sv Line: 50
# UVM_INFO apb_driver.sv(81) @ 175: uvm_test_top.env_h.active_h.drv_h [DRIVER] ------------------------DRIVER DRIVING DATA-----------------------------------------
# ----------------------------------------------------------------------------------------------------
# Name                           Type          Size  Value                                            
# ----------------------------------------------------------------------------------------------------
# item                           apb_seq_item  -     @834                                             
#   transfer                     integral      1     'h1                                              
#   READ_WRITE                   integral      1     'h0                                              
#   apb_write_paddr              integral      9     'h3                                              
#   apb_write_data               integral      8     'h7b                                             
#   apb_read_paddr               integral      9     'h71                                             
#   apb_read_data_out            integral      8     'h0xx                                            
#   begin_time                   time          64    155                                              
#   end_time                     time          64    155                                              
#   depth                        int           32    'd2                                              
#   parent sequence (name)       string        14    write_slave1_h                                   
#   parent sequence (full name)  string        49    uvm_test_top.env_h.active_h.seqr_h.write_slave1_h
#   sequencer                    string        34    uvm_test_top.env_h.active_h.seqr_h               
# ----------------------------------------------------------------------------------------------------
# UVM_INFO apb_driver.sv(83) @ 175: uvm_test_top.env_h.active_h.drv_h [DRIVER] ------------------------------------------------------------------------------------
# UVM_INFO apb_op_mon.sv(53) @ 175: uvm_test_top.env_h.passive_h.out_mon_h [OUTPUT_MONITOR] ---------------------Output monitor sending data-----------------------------------
# ----------------------------------------------
# Name                 Type          Size  Value
# ----------------------------------------------
# packet               apb_seq_item  -     @720 
#   transfer           integral      1     'h1  
#   READ_WRITE         integral      1     'h0  
#   apb_write_paddr    integral      9     'h3  
#   apb_write_data     integral      8     'h7b 
#   apb_read_paddr     integral      9     'h0  
#   apb_read_data_out  integral      8     'h0xx
# ----------------------------------------------
# UVM_INFO apb_op_mon.sv(55) @ 175: uvm_test_top.env_h.passive_h.out_mon_h [OUTPUT_MONITOR] -----------------------------------------------------------------------------------
# UVM_INFO apb_ip_mon.sv(52) @ 175: uvm_test_top.env_h.active_h.in_mon_h [INPUT MONITOR] ----------------------------------Input monitor sending data------------------
# ----------------------------------------------
# Name                 Type          Size  Value
# ----------------------------------------------
# packet               apb_seq_item  -     @686 
#   transfer           integral      1     'h1  
#   READ_WRITE         integral      1     'h0  
#   apb_write_paddr    integral      9     'h3  
#   apb_write_data     integral      8     'h7b 
#   apb_read_paddr     integral      9     'h0  
#   apb_read_data_out  integral      8     'h0xx
# ----------------------------------------------
# UVM_INFO apb_ip_mon.sv(54) @ 175: uvm_test_top.env_h.active_h.in_mon_h [INPUT MONITOR] ------------------------------------------------------------------------------
# UVM_INFO apb_sb.sv(99) @ 175: uvm_test_top.env_h.sb_h [compare] -------------WRITE  PASS------------
#  Expected apb_write_data = 7b |  Actual apb_write_data = 7b |  Expected apb_write_paddr =3 |  Actual apb_write_apddr = 3 
# WRITE_ADDRESS_STABILITY: ASSERTION PASS
# ** Error: [175] Error! apb_read_data_out is unknown (=X/Z)
#    Time: 175 ns Started: 175 ns  Scope: apb_top.intf.apb_read_data_out_never_x File: apb_intf.sv Line: 71
# ** Info: [175] Info: apb_write_data is valid.
#    Time: 175 ns Started: 175 ns  Scope: apb_top.intf.apb_write_data_never_x File: apb_intf.sv Line: 66
# ** Error: [175] Error! apb_read_padr is unknown (=X/Z)
#    Time: 175 ns Started: 175 ns  Scope: apb_top.intf.apb_read_paddr_never_x File: apb_intf.sv Line: 63
# ** Info: [175] Info: apb_write_paddr is valid.
#    Time: 175 ns Started: 175 ns  Scope: apb_top.intf.apb_write_paddr_never_x File: apb_intf.sv Line: 58
# ** Info: [175] Info: READ_WRITE is valid.
#    Time: 175 ns Started: 175 ns  Scope: apb_top.intf.READ_WRITE_never_x File: apb_intf.sv Line: 54
# ** Info: [175] Info: transfer is valid.
#    Time: 175 ns Started: 175 ns  Scope: apb_top.intf.transfer_never_x File: apb_intf.sv Line: 50
# UVM_INFO apb_ip_mon.sv(52) @ 185: uvm_test_top.env_h.active_h.in_mon_h [INPUT MONITOR] ----------------------------------Input monitor sending data------------------
# ----------------------------------------------
# Name                 Type          Size  Value
# ----------------------------------------------
# packet               apb_seq_item  -     @686 
#   transfer           integral      1     'h1  
#   READ_WRITE         integral      1     'h0  
#   apb_write_paddr    integral      9     'h3  
#   apb_write_data     integral      8     'h7b 
#   apb_read_paddr     integral      9     'h0  
#   apb_read_data_out  integral      8     'h0xx
# ----------------------------------------------
# UVM_INFO apb_ip_mon.sv(54) @ 185: uvm_test_top.env_h.active_h.in_mon_h [INPUT MONITOR] ------------------------------------------------------------------------------
# WRITE_ADDRESS_STABILITY: ASSERTION PASS
# ** Error: [185] Error! apb_read_data_out is unknown (=X/Z)
#    Time: 185 ns Started: 185 ns  Scope: apb_top.intf.apb_read_data_out_never_x File: apb_intf.sv Line: 71
# ** Info: [185] Info: apb_write_data is valid.
#    Time: 185 ns Started: 185 ns  Scope: apb_top.intf.apb_write_data_never_x File: apb_intf.sv Line: 66
# ** Error: [185] Error! apb_read_padr is unknown (=X/Z)
#    Time: 185 ns Started: 185 ns  Scope: apb_top.intf.apb_read_paddr_never_x File: apb_intf.sv Line: 63
# ** Info: [185] Info: apb_write_paddr is valid.
#    Time: 185 ns Started: 185 ns  Scope: apb_top.intf.apb_write_paddr_never_x File: apb_intf.sv Line: 58
# ** Info: [185] Info: READ_WRITE is valid.
#    Time: 185 ns Started: 185 ns  Scope: apb_top.intf.READ_WRITE_never_x File: apb_intf.sv Line: 54
# ** Info: [185] Info: transfer is valid.
#    Time: 185 ns Started: 185 ns  Scope: apb_top.intf.transfer_never_x File: apb_intf.sv Line: 50
# UVM_INFO apb_driver.sv(81) @ 195: uvm_test_top.env_h.active_h.drv_h [DRIVER] ------------------------DRIVER DRIVING DATA-----------------------------------------
# ----------------------------------------------------------------------------------------------------
# Name                           Type          Size  Value                                            
# ----------------------------------------------------------------------------------------------------
# item                           apb_seq_item  -     @842                                             
#   transfer                     integral      1     'h1                                              
#   READ_WRITE                   integral      1     'h0                                              
#   apb_write_paddr              integral      9     'hbf                                             
#   apb_write_data               integral      8     'h31                                             
#   apb_read_paddr               integral      9     'h50                                             
#   apb_read_data_out            integral      8     'h0xx                                            
#   begin_time                   time          64    175                                              
#   depth                        int           32    'd2                                              
#   parent sequence (name)       string        14    write_slave1_h                                   
#   parent sequence (full name)  string        49    uvm_test_top.env_h.active_h.seqr_h.write_slave1_h
#   sequencer                    string        34    uvm_test_top.env_h.active_h.seqr_h               
# ----------------------------------------------------------------------------------------------------
# UVM_INFO apb_driver.sv(83) @ 195: uvm_test_top.env_h.active_h.drv_h [DRIVER] ------------------------------------------------------------------------------------
# UVM_INFO apb_ip_mon.sv(52) @ 195: uvm_test_top.env_h.active_h.in_mon_h [INPUT MONITOR] ----------------------------------Input monitor sending data------------------
# ----------------------------------------------
# Name                 Type          Size  Value
# ----------------------------------------------
# packet               apb_seq_item  -     @686 
#   transfer           integral      1     'h1  
#   READ_WRITE         integral      1     'h0  
#   apb_write_paddr    integral      9     'h3  
#   apb_write_data     integral      8     'h7b 
#   apb_read_paddr     integral      9     'h0  
#   apb_read_data_out  integral      8     'h0xx
# ----------------------------------------------
# UVM_INFO apb_ip_mon.sv(54) @ 195: uvm_test_top.env_h.active_h.in_mon_h [INPUT MONITOR] ------------------------------------------------------------------------------
# WRITE_ADDRESS_STABILITY: ASSERTION PASS
# ** Error: [195] Error! apb_read_data_out is unknown (=X/Z)
#    Time: 195 ns Started: 195 ns  Scope: apb_top.intf.apb_read_data_out_never_x File: apb_intf.sv Line: 71
# ** Info: [195] Info: apb_write_data is valid.
#    Time: 195 ns Started: 195 ns  Scope: apb_top.intf.apb_write_data_never_x File: apb_intf.sv Line: 66
# ** Error: [195] Error! apb_read_padr is unknown (=X/Z)
#    Time: 195 ns Started: 195 ns  Scope: apb_top.intf.apb_read_paddr_never_x File: apb_intf.sv Line: 63
# ** Info: [195] Info: apb_write_paddr is valid.
#    Time: 195 ns Started: 195 ns  Scope: apb_top.intf.apb_write_paddr_never_x File: apb_intf.sv Line: 58
# ** Info: [195] Info: READ_WRITE is valid.
#    Time: 195 ns Started: 195 ns  Scope: apb_top.intf.READ_WRITE_never_x File: apb_intf.sv Line: 54
# ** Info: [195] Info: transfer is valid.
#    Time: 195 ns Started: 195 ns  Scope: apb_top.intf.transfer_never_x File: apb_intf.sv Line: 50
# UVM_INFO apb_ip_mon.sv(52) @ 205: uvm_test_top.env_h.active_h.in_mon_h [INPUT MONITOR] ----------------------------------Input monitor sending data------------------
# ----------------------------------------------
# Name                 Type          Size  Value
# ----------------------------------------------
# packet               apb_seq_item  -     @686 
#   transfer           integral      1     'h1  
#   READ_WRITE         integral      1     'h0  
#   apb_write_paddr    integral      9     'hbf 
#   apb_write_data     integral      8     'h31 
#   apb_read_paddr     integral      9     'h0  
#   apb_read_data_out  integral      8     'h0xx
# ----------------------------------------------
# UVM_INFO apb_ip_mon.sv(54) @ 205: uvm_test_top.env_h.active_h.in_mon_h [INPUT MONITOR] ------------------------------------------------------------------------------
# ** Error: WRITE_ADDRESS_STABILITY: ASSERTION FAIL
#    Time: 205 ns Started: 195 ns  Scope: apb_top.intf.write_address_stability File: apb_intf.sv Line: 84
# ** Error: [205] Error! apb_read_data_out is unknown (=X/Z)
#    Time: 205 ns Started: 205 ns  Scope: apb_top.intf.apb_read_data_out_never_x File: apb_intf.sv Line: 71
# ** Info: [205] Info: apb_write_data is valid.
#    Time: 205 ns Started: 205 ns  Scope: apb_top.intf.apb_write_data_never_x File: apb_intf.sv Line: 66
# ** Error: [205] Error! apb_read_padr is unknown (=X/Z)
#    Time: 205 ns Started: 205 ns  Scope: apb_top.intf.apb_read_paddr_never_x File: apb_intf.sv Line: 63
# ** Info: [205] Info: apb_write_paddr is valid.
#    Time: 205 ns Started: 205 ns  Scope: apb_top.intf.apb_write_paddr_never_x File: apb_intf.sv Line: 58
# ** Info: [205] Info: READ_WRITE is valid.
#    Time: 205 ns Started: 205 ns  Scope: apb_top.intf.READ_WRITE_never_x File: apb_intf.sv Line: 54
# ** Info: [205] Info: transfer is valid.
#    Time: 205 ns Started: 205 ns  Scope: apb_top.intf.transfer_never_x File: apb_intf.sv Line: 50
# UVM_INFO apb_driver.sv(81) @ 215: uvm_test_top.env_h.active_h.drv_h [DRIVER] ------------------------DRIVER DRIVING DATA-----------------------------------------
# ----------------------------------------------------------------------------------------------------
# Name                           Type          Size  Value                                            
# ----------------------------------------------------------------------------------------------------
# item                           apb_seq_item  -     @842                                             
#   transfer                     integral      1     'h1                                              
#   READ_WRITE                   integral      1     'h0                                              
#   apb_write_paddr              integral      9     'hbf                                             
#   apb_write_data               integral      8     'h31                                             
#   apb_read_paddr               integral      9     'h50                                             
#   apb_read_data_out            integral      8     'h0xx                                            
#   begin_time                   time          64    195                                              
#   end_time                     time          64    195                                              
#   depth                        int           32    'd2                                              
#   parent sequence (name)       string        14    write_slave1_h                                   
#   parent sequence (full name)  string        49    uvm_test_top.env_h.active_h.seqr_h.write_slave1_h
#   sequencer                    string        34    uvm_test_top.env_h.active_h.seqr_h               
# ----------------------------------------------------------------------------------------------------
# UVM_INFO apb_driver.sv(83) @ 215: uvm_test_top.env_h.active_h.drv_h [DRIVER] ------------------------------------------------------------------------------------
# UVM_INFO apb_ip_mon.sv(52) @ 215: uvm_test_top.env_h.active_h.in_mon_h [INPUT MONITOR] ----------------------------------Input monitor sending data------------------
# ----------------------------------------------
# Name                 Type          Size  Value
# ----------------------------------------------
# packet               apb_seq_item  -     @686 
#   transfer           integral      1     'h1  
#   READ_WRITE         integral      1     'h0  
#   apb_write_paddr    integral      9     'hbf 
#   apb_write_data     integral      8     'h31 
#   apb_read_paddr     integral      9     'h0  
#   apb_read_data_out  integral      8     'h0xx
# ----------------------------------------------
# UVM_INFO apb_ip_mon.sv(54) @ 215: uvm_test_top.env_h.active_h.in_mon_h [INPUT MONITOR] ------------------------------------------------------------------------------
# WRITE_ADDRESS_STABILITY: ASSERTION PASS
# ** Error: [215] Error! apb_read_data_out is unknown (=X/Z)
#    Time: 215 ns Started: 215 ns  Scope: apb_top.intf.apb_read_data_out_never_x File: apb_intf.sv Line: 71
# ** Info: [215] Info: apb_write_data is valid.
#    Time: 215 ns Started: 215 ns  Scope: apb_top.intf.apb_write_data_never_x File: apb_intf.sv Line: 66
# ** Error: [215] Error! apb_read_padr is unknown (=X/Z)
#    Time: 215 ns Started: 215 ns  Scope: apb_top.intf.apb_read_paddr_never_x File: apb_intf.sv Line: 63
# ** Info: [215] Info: apb_write_paddr is valid.
#    Time: 215 ns Started: 215 ns  Scope: apb_top.intf.apb_write_paddr_never_x File: apb_intf.sv Line: 58
# ** Info: [215] Info: READ_WRITE is valid.
#    Time: 215 ns Started: 215 ns  Scope: apb_top.intf.READ_WRITE_never_x File: apb_intf.sv Line: 54
# ** Info: [215] Info: transfer is valid.
#    Time: 215 ns Started: 215 ns  Scope: apb_top.intf.transfer_never_x File: apb_intf.sv Line: 50
# UVM_INFO apb_ip_mon.sv(52) @ 225: uvm_test_top.env_h.active_h.in_mon_h [INPUT MONITOR] ----------------------------------Input monitor sending data------------------
# ----------------------------------------------
# Name                 Type          Size  Value
# ----------------------------------------------
# packet               apb_seq_item  -     @686 
#   transfer           integral      1     'h1  
#   READ_WRITE         integral      1     'h0  
#   apb_write_paddr    integral      9     'hbf 
#   apb_write_data     integral      8     'h31 
#   apb_read_paddr     integral      9     'h0  
#   apb_read_data_out  integral      8     'h0xx
# ----------------------------------------------
# UVM_INFO apb_ip_mon.sv(54) @ 225: uvm_test_top.env_h.active_h.in_mon_h [INPUT MONITOR] ------------------------------------------------------------------------------
# UVM_INFO apb_op_mon.sv(53) @ 225: uvm_test_top.env_h.passive_h.out_mon_h [OUTPUT_MONITOR] ---------------------Output monitor sending data-----------------------------------
# ----------------------------------------------
# Name                 Type          Size  Value
# ----------------------------------------------
# packet               apb_seq_item  -     @720 
#   transfer           integral      1     'h1  
#   READ_WRITE         integral      1     'h0  
#   apb_write_paddr    integral      9     'hbf 
#   apb_write_data     integral      8     'h31 
#   apb_read_paddr     integral      9     'h0  
#   apb_read_data_out  integral      8     'h0xx
# ----------------------------------------------
# UVM_INFO apb_op_mon.sv(55) @ 225: uvm_test_top.env_h.passive_h.out_mon_h [OUTPUT_MONITOR] -----------------------------------------------------------------------------------
# UVM_INFO apb_sb.sv(99) @ 225: uvm_test_top.env_h.sb_h [compare] -------------WRITE  PASS------------
#  Expected apb_write_data = 31 |  Actual apb_write_data = 31 |  Expected apb_write_paddr =bf |  Actual apb_write_apddr = bf 
# WRITE_ADDRESS_STABILITY: ASSERTION PASS
# ** Error: [225] Error! apb_read_data_out is unknown (=X/Z)
#    Time: 225 ns Started: 225 ns  Scope: apb_top.intf.apb_read_data_out_never_x File: apb_intf.sv Line: 71
# ** Info: [225] Info: apb_write_data is valid.
#    Time: 225 ns Started: 225 ns  Scope: apb_top.intf.apb_write_data_never_x File: apb_intf.sv Line: 66
# ** Error: [225] Error! apb_read_padr is unknown (=X/Z)
#    Time: 225 ns Started: 225 ns  Scope: apb_top.intf.apb_read_paddr_never_x File: apb_intf.sv Line: 63
# ** Info: [225] Info: apb_write_paddr is valid.
#    Time: 225 ns Started: 225 ns  Scope: apb_top.intf.apb_write_paddr_never_x File: apb_intf.sv Line: 58
# ** Info: [225] Info: READ_WRITE is valid.
#    Time: 225 ns Started: 225 ns  Scope: apb_top.intf.READ_WRITE_never_x File: apb_intf.sv Line: 54
# ** Info: [225] Info: transfer is valid.
#    Time: 225 ns Started: 225 ns  Scope: apb_top.intf.transfer_never_x File: apb_intf.sv Line: 50
# UVM_INFO apb_ip_mon.sv(52) @ 235: uvm_test_top.env_h.active_h.in_mon_h [INPUT MONITOR] ----------------------------------Input monitor sending data------------------
# ----------------------------------------------
# Name                 Type          Size  Value
# ----------------------------------------------
# packet               apb_seq_item  -     @686 
#   transfer           integral      1     'h1  
#   READ_WRITE         integral      1     'h0  
#   apb_write_paddr    integral      9     'hbf 
#   apb_write_data     integral      8     'h31 
#   apb_read_paddr     integral      9     'h0  
#   apb_read_data_out  integral      8     'h0xx
# ----------------------------------------------
# UVM_INFO apb_ip_mon.sv(54) @ 235: uvm_test_top.env_h.active_h.in_mon_h [INPUT MONITOR] ------------------------------------------------------------------------------
# WRITE_ADDRESS_STABILITY: ASSERTION PASS
# ** Error: [235] Error! apb_read_data_out is unknown (=X/Z)
#    Time: 235 ns Started: 235 ns  Scope: apb_top.intf.apb_read_data_out_never_x File: apb_intf.sv Line: 71
# ** Info: [235] Info: apb_write_data is valid.
#    Time: 235 ns Started: 235 ns  Scope: apb_top.intf.apb_write_data_never_x File: apb_intf.sv Line: 66
# ** Error: [235] Error! apb_read_padr is unknown (=X/Z)
#    Time: 235 ns Started: 235 ns  Scope: apb_top.intf.apb_read_paddr_never_x File: apb_intf.sv Line: 63
# ** Info: [235] Info: apb_write_paddr is valid.
#    Time: 235 ns Started: 235 ns  Scope: apb_top.intf.apb_write_paddr_never_x File: apb_intf.sv Line: 58
# ** Info: [235] Info: READ_WRITE is valid.
#    Time: 235 ns Started: 235 ns  Scope: apb_top.intf.READ_WRITE_never_x File: apb_intf.sv Line: 54
# ** Info: [235] Info: transfer is valid.
#    Time: 235 ns Started: 235 ns  Scope: apb_top.intf.transfer_never_x File: apb_intf.sv Line: 50
# UVM_INFO verilog_src/uvm-1.1d/src/base/uvm_objection.svh(1268) @ 245: reporter [TEST_DONE] 'run' phase is ready to proceed to the 'extract' phase
# UVM_INFO apb_cov.sv(109) @ 245: uvm_test_top.env_h.cov_h [COVERAGE] 
#  Input coverage is 54.040404 
#  output coverage is 0.000000
# UVM_INFO apb_sb.sv(135) @ 245: uvm_test_top.env_h.sb_h [apb_sb] ---------------------------------------
# UVM_INFO apb_sb.sv(136) @ 245: uvm_test_top.env_h.sb_h [apb_sb]       TEST PASS COUNT:  5     
# UVM_INFO apb_sb.sv(137) @ 245: uvm_test_top.env_h.sb_h [apb_sb] ---------------------------------------
# 
# --- UVM Report Summary ---
# 
# ** Report counts by severity
# UVM_INFO :   93
# UVM_WARNING :    0
# UVM_ERROR :    0
# UVM_FATAL :    0
# ** Report counts by id
# [COVERAGE]     1
# [DRIVER]    20
# [INPUT MONITOR]    48
# [OUTPUT_MONITOR]    10
# [Questa UVM]     2
# [RNTST]     1
# [TEST_DONE]     1
# [UVMTOP]     1
# [apb_sb]     3
# [apb_write_slave1_test]     1
# [compare]     5
# ** Note: $finish    : /tools/mentor/questasim_10.6c/questasim/linux/../verilog_src/uvm-1.1d/src/base/uvm_root.svh(430)
#    Time: 245 ns  Iteration: 55  Instance: /apb_top
# Saving coverage database on exit...
# End time: 22:43:27 on May 27,2025, Elapsed time: 0:00:04
# Errors: 56, Warnings: 5
